0 verbose cli D:\nodejs\node.exe D:\nodejs\node_modules\npm\bin\npm-cli.js
1 info using npm@11.19.0
2 info using node@v24.21.0
3 silly config load:file:D:\nodejs\node_modules\npm\npmrc
4 silly config load:file:C:\Users\DUC THINH\Downloads\cinewave_fullstack\cinewave\backend\.npmrc
5 silly config load:file:C:\Users\DUC THINH\.npmrc
6 silly config load:file:C:\Users\DUC THINH\AppData\Roaming\npm\etc\npmrc
7 verbose title npm install
8 verbose argv "install" "--package-lock-only" "--ignore-scripts" "--cache" ".npm-cache" "--fetch-retries" "0" "--fetch-timeout" "10000" "--no-audit" "--no-fund"
9 verbose logfile logs-max:10 dir:C:\Users\DUC THINH\Downloads\cinewave_fullstack\cinewave\backend\.npm-cache\_logs\2026-10-06T04_17_16_827Z-
10 verbose logfile C:\Users\DUC THINH\Downloads\cinewave_fullstack\cinewave\backend\.npm-cache\_logs\2026-10-06T04_17_16_827Z-debug-0.log
11 silly logfile done cleaning log files
12 silly packumentCache heap:4496293888 maxSize:1124073472 maxEntrySize:562036736
13 silly idealTree buildDeps
14 silly fetch manifest socket.io@^4.8.1
15 silly packumentCache full:https://registry.npmjs.org/socket.io cache-miss
16 http fetch GET https://registry.npmjs.org/npm attempt 1 failed with EACCES
17 http fetch GET https://registry.npmjs.org/socket.io attempt 1 failed with EACCES
18 silly placeDep ROOT socket.io@ OK for: cinewave-api@1.0.0 want: ^4.8.1
19 verbose type system
20 verbose stack FetchError: request to https://registry.npmjs.org/socket.io failed, reason: 
20 verbose stack     at ClientRequest.<anonymous> (D:\nodejs\node_modules\npm\node_modules\minipass-fetch\lib\index.js:130:14)
20 verbose stack     at ClientRequest.emit (node:events:514:28)
20 verbose stack     at emitErrorEvent (node:_http_client:114:11)
20 verbose stack     at _destroy (node:_http_client:1167:9)
20 verbose stack     at onSocketNT (node:_http_client:1188:5)
20 verbose stack     at process.processTicksAndRejections (node:internal/process/task_queues:91:21)
21 error code EACCES
22 error errno EACCES
23 error FetchError: request to https://registry.npmjs.org/socket.io failed, reason: 
23 error     at ClientRequest.<anonymous> (D:\nodejs\node_modules\npm\node_modules\minipass-fetch\lib\index.js:130:14)
23 error     at ClientRequest.emit (node:events:514:28)
23 error     at emitErrorEvent (node:_http_client:114:11)
23 error     at _destroy (node:_http_client:1167:9)
23 error     at onSocketNT (node:_http_client:1188:5)
23 error     at process.processTicksAndRejections (node:internal/process/task_queues:91:21) {
23 error   code: 'EACCES',
23 error   errno: 'EACCES',
23 error   type: 'system',
23 error   requiredBy: '.'
23 error }
24 error
24 error The operation was rejected by your operating system.
24 error It's possible that the file was already in use (by a text editor or antivirus), or that you lack permissions to access it.
24 error
24 error If you believe this might be a permissions issue, please double-check the permissions of the file and its containing directories, or try running the command again as root/Administrator.
25 silly unfinished npm timer reify 1791260237191
26 silly unfinished npm timer reify:loadTrees 1791260237191
27 verbose cwd C:\Users\DUC THINH\Downloads\cinewave_fullstack\cinewave\backend
28 verbose os Windows_NT 10.0.19045
29 verbose node v24.21.0
30 verbose npm  v11.19.0
31 verbose exit 1
32 verbose code 1
33 error A complete log of this run can be found in: C:\Users\DUC THINH\Downloads\cinewave_fullstack\cinewave\backend\.npm-cache\_logs\2026-10-06T04_17_16_827Z-debug-0.log
